---
source: linter/src/rules/adding_field_if_not_exists.rs
expression: "lint_sql(bad_sql, None)"
---
[
    RuleViolation {
        kind: AddingFieldIfNotExists,
        span: Span {
            start: 0,
            len: Some(
                76,
            ),
        },
        messages: [
            Note(
                "Adding a field that might already exists might fail if a migration is retried.",
            ),
            Help(
                "Use ADD COLUMN IF NOT EXISTS to add a column.",
            ),
        ],
    },
]
